2026-05-26 22:32:33 0 [Note] Using unique option prefix 'key_buffer' is error-prone and can break in the future. Please use the full name 'key_buffer_size' instead.
2026-05-26 22:32:33 0 [Note] Starting MariaDB 10.4.32-MariaDB source revision c4143f909528e3fab0677a28631d10389354c491 as process 8848
2026-05-26 22:32:33 0 [Note] InnoDB: Mutexes and rw_locks use Windows interlocked functions
2026-05-26 22:32:33 0 [Note] InnoDB: Uses event mutexes
2026-05-26 22:32:33 0 [Note] InnoDB: Compressed tables use zlib 1.3
2026-05-26 22:32:33 0 [Note] InnoDB: Number of pools: 1
2026-05-26 22:32:33 0 [Note] InnoDB: Using SSE2 crc32 instructions
2026-05-26 22:32:33 0 [Note] InnoDB: Initializing buffer pool, total size = 16M, instances = 1, chunk size = 16M
2026-05-26 22:32:33 0 [Note] InnoDB: Completed initialization of buffer pool
2026-05-26 22:32:33 0 [Note] InnoDB: Starting crash recovery from checkpoint LSN=404618
2026-05-26 22:32:33 0 [Note] InnoDB: 128 out of 128 rollback segments are active.
2026-05-26 22:32:33 0 [Note] InnoDB: Removed temporary tablespace data file: "ibtmp1"
2026-05-26 22:32:33 0 [Note] InnoDB: Creating shared tablespace for temporary tables
2026-05-26 22:32:33 0 [Note] InnoDB: Setting file 'C:\xampp\mysql\data\ibtmp1' size to 12 MB. Physically writing the file full; Please wait ...
2026-05-26 22:32:33 0 [Note] InnoDB: File 'C:\xampp\mysql\data\ibtmp1' size is now 12 MB.
2026-05-26 22:32:33 0 [Note] InnoDB: Waiting for purge to start
2026-05-26 22:32:34 0 [Note] InnoDB: 10.4.32 started; log sequence number 404627; transaction id 298
2026-05-26 22:32:34 0 [Note] InnoDB: Loading buffer pool(s) from C:\xampp\mysql\data\ib_buffer_pool
2026-05-26 22:32:34 0 [Note] Plugin 'FEEDBACK' is disabled.
2026-05-26 22:32:34 0 [Note] InnoDB: Buffer pool(s) load completed at 260526 22:32:34
2026-05-26 22:32:34 0 [Note] Server socket created on IP: '::'.
2026-05-26 22:32:34 0 [Note] Reading of all Master_info entries succeeded
2026-05-26 22:32:34 0 [Note] Added new Master_info '' to hash table
2026-05-26 22:32:34 0 [Note] C:\xampp\mysql\bin\mysqld.exe: ready for connections.
Version: '10.4.32-MariaDB'  socket: ''  port: 3306  mariadb.org binary distribution
2026-05-26 22:33:01 9 [Warning] Aborted connection 9 to db: 'opiniontrack' user: 'root' host: 'localhost' (Got an error reading communication packets)
2026-05-26 22:34:15 11 [Warning] Aborted connection 11 to db: 'opiniontrack' user: 'root' host: 'localhost' (Got an error reading communication packets)
2026-05-26 23:07:22 12 [Warning] Aborted connection 12 to db: 'opiniontrack' user: 'root' host: 'localhost' (Got an error reading communication packets)
2026-05-26 23:07:22 15 [Warning] Aborted connection 15 to db: 'opiniontrack' user: 'root' host: 'localhost' (Got an error reading communication packets)
2026-05-26 23:07:22 14 [Warning] Aborted connection 14 to db: 'opiniontrack' user: 'root' host: 'localhost' (Got an error reading communication packets)
2026-05-26 23:07:22 13 [Warning] Aborted connection 13 to db: 'opiniontrack' user: 'root' host: 'localhost' (Got an error reading communication packets)
2026-05-26 23:07:22 17 [Warning] Aborted connection 17 to db: 'opiniontrack' user: 'root' host: 'localhost' (Got an error reading communication packets)
2026-05-26 23:07:22 16 [Warning] Aborted connection 16 to db: 'opiniontrack' user: 'root' host: 'localhost' (Got an error reading communication packets)
2026-05-26 23:10:47 18 [Warning] Aborted connection 18 to db: 'opiniontrack' user: 'root' host: 'localhost' (Got an error reading communication packets)
2026-05-26 23:10:55 19 [Warning] Aborted connection 19 to db: 'opiniontrack' user: 'root' host: 'localhost' (Got an error reading communication packets)
2026-05-26 23:11:10 20 [Warning] Aborted connection 20 to db: 'opiniontrack' user: 'root' host: 'localhost' (Got an error reading communication packets)
2026-05-26 23:15:04 23 [Warning] Aborted connection 23 to db: 'opiniontrack' user: 'root' host: 'localhost' (Got an error reading communication packets)
2026-05-26 23:15:21 21 [Warning] Aborted connection 21 to db: 'opiniontrack' user: 'root' host: 'localhost' (Got an error reading communication packets)
2026-05-26 23:17:21 24 [Warning] Aborted connection 24 to db: 'opiniontrack' user: 'root' host: 'localhost' (Got an error reading communication packets)
2026-05-26 23:17:21 25 [Warning] Aborted connection 25 to db: 'opiniontrack' user: 'root' host: 'localhost' (Got an error reading communication packets)
2026-05-26 23:17:21 26 [Warning] Aborted connection 26 to db: 'opiniontrack' user: 'root' host: 'localhost' (Got an error reading communication packets)
2026-05-26 23:17:21 27 [Warning] Aborted connection 27 to db: 'opiniontrack' user: 'root' host: 'localhost' (Got an error reading communication packets)
2026-05-26 23:17:21 28 [Warning] Aborted connection 28 to db: 'opiniontrack' user: 'root' host: 'localhost' (Got an error reading communication packets)
2026-05-26 23:17:21 29 [Warning] Aborted connection 29 to db: 'opiniontrack' user: 'root' host: 'localhost' (Got an error reading communication packets)
2026-05-26 23:17:21 30 [Warning] Aborted connection 30 to db: 'opiniontrack' user: 'root' host: 'localhost' (Got an error reading communication packets)
2026-05-26 23:17:30 31 [Warning] Aborted connection 31 to db: 'opiniontrack' user: 'root' host: 'localhost' (Got an error reading communication packets)
2026-05-26 23:17:37 32 [Warning] Aborted connection 32 to db: 'opiniontrack' user: 'root' host: 'localhost' (Got an error reading communication packets)
2026-05-26 23:17:54 35 [Warning] Aborted connection 35 to db: 'opiniontrack' user: 'root' host: 'localhost' (Got an error reading communication packets)
2026-05-26 23:20:22 37 [Warning] Aborted connection 37 to db: 'opiniontrack' user: 'root' host: 'localhost' (Got an error reading communication packets)
2026-05-26 23:23:27 33 [Warning] Aborted connection 33 to db: 'opiniontrack' user: 'root' host: 'localhost' (Got an error reading communication packets)
2026-05-26 23:25:32 38 [Warning] Aborted connection 38 to db: 'opiniontrack' user: 'root' host: 'localhost' (Got an error reading communication packets)
2026-05-26 23:25:32 40 [Warning] Aborted connection 40 to db: 'opiniontrack' user: 'root' host: 'localhost' (Got an error reading communication packets)
2026-05-26 23:25:32 44 [Warning] Aborted connection 44 to db: 'opiniontrack' user: 'root' host: 'localhost' (Got an error reading communication packets)
2026-05-26 23:25:32 41 [Warning] Aborted connection 41 to db: 'opiniontrack' user: 'root' host: 'localhost' (Got an error reading communication packets)
2026-05-26 23:25:32 42 [Warning] Aborted connection 42 to db: 'opiniontrack' user: 'root' host: 'localhost' (Got an error reading communication packets)
2026-05-26 23:25:32 43 [Warning] Aborted connection 43 to db: 'opiniontrack' user: 'root' host: 'localhost' (Got an error reading communication packets)
2026-05-26 23:25:32 39 [Warning] Aborted connection 39 to db: 'opiniontrack' user: 'root' host: 'localhost' (Got an error reading communication packets)
2026-05-26 23:26:10 45 [Warning] Aborted connection 45 to db: 'opiniontrack' user: 'root' host: 'localhost' (Got an error reading communication packets)
2026-05-26 23:38:59 46 [Warning] Aborted connection 46 to db: 'opiniontrack' user: 'root' host: 'localhost' (Got an error reading communication packets)
2026-05-26 23:38:59 47 [Warning] Aborted connection 47 to db: 'opiniontrack' user: 'root' host: 'localhost' (Got an error reading communication packets)
2026-05-26 23:38:59 50 [Warning] Aborted connection 50 to db: 'opiniontrack' user: 'root' host: 'localhost' (Got an error reading communication packets)
2026-05-26 23:38:59 48 [Warning] Aborted connection 48 to db: 'opiniontrack' user: 'root' host: 'localhost' (Got an error reading communication packets)
2026-05-26 23:38:59 52 [Warning] Aborted connection 52 to db: 'opiniontrack' user: 'root' host: 'localhost' (Got an error reading communication packets)
2026-05-26 23:38:59 51 [Warning] Aborted connection 51 to db: 'opiniontrack' user: 'root' host: 'localhost' (Got an error reading communication packets)
2026-05-26 23:38:59 49 [Warning] Aborted connection 49 to db: 'opiniontrack' user: 'root' host: 'localhost' (Got an error reading communication packets)
